// Jest Snapshot v1, https://goo.gl/fbAQLP

exports[`should match the snapshot 1`] = `"<div class=\\"MuiContainer-root weather-container MuiContainer-maxWidthLg\\"><div class=\\"MuiGrid-root weather-main MuiGrid-container MuiGrid-direction-xs-column\\"><div class=\\"MuiGrid-root MuiGrid-container MuiGrid-justify-xs-space-between\\"><div class=\\"MuiGrid-root MuiGrid-container MuiGrid-item MuiGrid-align-items-xs-center MuiGrid-grid-xs-6\\"><label class=\\"MuiFormLabel-root MuiInputLabel-root MuiInputLabel-animated\\">Location: </label><div class=\\"MuiFormControl-root MuiTextField-root\\"><div class=\\"MuiInputBase-root MuiOutlinedInput-root MuiInputBase-formControl\\"><input type=\\"search\\" aria-invalid=\\"false\\" placeholder=\\"e.g. London\\" class=\\"MuiInputBase-input MuiOutlinedInput-input MuiInputBase-inputTypeSearch\\"/><fieldset aria-hidden=\\"true\\" style=\\"padding-left:8px\\" class=\\"PrivateNotchedOutline-root-179 MuiOutlinedInput-notchedOutline\\"><legend class=\\"PrivateNotchedOutline-legend-180\\" style=\\"width:0.01px\\"><span>&#8203;</span></legend></fieldset></div></div></div><div class=\\"MuiGrid-root MuiGrid-container MuiGrid-item MuiGrid-align-items-xs-center MuiGrid-justify-xs-flex-end MuiGrid-grid-xs-3\\"><label class=\\"MuiFormLabel-root MuiInputLabel-root MuiInputLabel-animated\\">Radius: </label><div class=\\"MuiInputBase-root MuiOutlinedInput-root\\"><div class=\\"MuiSelect-root MuiSelect-select MuiSelect-selectMenu MuiSelect-outlined MuiInputBase-input MuiOutlinedInput-input\\" tabindex=\\"0\\" role=\\"button\\" aria-labelledby=\\" \\" aria-haspopup=\\"listbox\\">10</div><input type=\\"hidden\\" value=\\"10\\"/><svg class=\\"MuiSvgIcon-root MuiSelect-icon MuiSelect-iconOutlined\\" focusable=\\"false\\" viewBox=\\"0 0 24 24\\" aria-hidden=\\"true\\" role=\\"presentation\\"><path d=\\"M7 10l5 5 5-5z\\"></path></svg><fieldset aria-hidden=\\"true\\" style=\\"padding-left:8px\\" class=\\"PrivateNotchedOutline-root-179 MuiOutlinedInput-notchedOutline\\"><legend class=\\"PrivateNotchedOutline-legend-180\\" style=\\"width:0.01px\\"><span>&#8203;</span></legend></fieldset></div></div><div class=\\"MuiGrid-root MuiGrid-container MuiGrid-item MuiGrid-align-items-xs-center MuiGrid-justify-xs-flex-end MuiGrid-grid-xs-3\\"><label class=\\"MuiFormLabel-root MuiInputLabel-root MuiInputLabel-animated\\">Results: </label><div class=\\"MuiInputBase-root MuiOutlinedInput-root\\"><div class=\\"MuiSelect-root MuiSelect-select MuiSelect-selectMenu MuiSelect-outlined MuiInputBase-input MuiOutlinedInput-input\\" tabindex=\\"0\\" role=\\"button\\" aria-labelledby=\\" \\" aria-haspopup=\\"listbox\\">10</div><input type=\\"hidden\\" value=\\"10\\"/><svg class=\\"MuiSvgIcon-root MuiSelect-icon MuiSelect-iconOutlined\\" focusable=\\"false\\" viewBox=\\"0 0 24 24\\" aria-hidden=\\"true\\" role=\\"presentation\\"><path d=\\"M7 10l5 5 5-5z\\"></path></svg><fieldset aria-hidden=\\"true\\" style=\\"padding-left:8px\\" class=\\"PrivateNotchedOutline-root-179 MuiOutlinedInput-notchedOutline\\"><legend class=\\"PrivateNotchedOutline-legend-180\\" style=\\"width:0.01px\\"><span>&#8203;</span></legend></fieldset></div></div></div><div class=\\"MuiPaper-root weather-board MuiPaper-elevation1 MuiPaper-rounded\\"><div class=\\"MuiSkeleton-root MuiSkeleton-rect weather-card-skeleton MuiSkeleton-animate\\"></div><div class=\\"MuiSkeleton-root MuiSkeleton-rect weather-card-skeleton MuiSkeleton-animate\\"></div><div class=\\"MuiSkeleton-root MuiSkeleton-rect weather-card-skeleton MuiSkeleton-animate\\"></div><div class=\\"MuiSkeleton-root MuiSkeleton-rect weather-card-skeleton MuiSkeleton-animate\\"></div><div class=\\"MuiSkeleton-root MuiSkeleton-rect weather-card-skeleton MuiSkeleton-animate\\"></div><div class=\\"MuiSkeleton-root MuiSkeleton-rect weather-card-skeleton MuiSkeleton-animate\\"></div><div class=\\"MuiSkeleton-root MuiSkeleton-rect weather-card-skeleton MuiSkeleton-animate\\"></div><div class=\\"MuiSkeleton-root MuiSkeleton-rect weather-card-skeleton MuiSkeleton-animate\\"></div><div class=\\"MuiSkeleton-root MuiSkeleton-rect weather-card-skeleton MuiSkeleton-animate\\"></div><div class=\\"MuiSkeleton-root MuiSkeleton-rect weather-card-skeleton MuiSkeleton-animate\\"></div></div></div></div>"`;
